=== waiting for negative control to finish Wed Jun 10 13:04:31 BST 2026 ===
=== negative control done; calibrating seeds 6-9 Wed Jun 10 13:04:31 BST 2026 ===
reports/cross_seed_ent_dosematched/calibration_seeds6to9/calibration_summary.csv
=== dose selection (fixed target for comparability) Wed Jun 10 13:04:35 BST 2026 ===
{
  "target_lift": 0.0619384,
  "seeds": {
    "seed6": {
      "best_alpha": 1.25,
      "best_lift": 0.003846,
      "control_p": 0.45207156809851995,
      "passes": false,
      "alpha_star": null,
      "expected_lift": null,
      "note": "failed_positive_control"
    },
    "seed7": {
      "best_alpha": 1.0,
      "best_lift": 0.037634,
      "control_p": 0.14064759267897542,
      "passes": false,
      "alpha_star": null,
      "expected_lift": null,
      "note": "failed_positive_control"
    },
    "seed8": {
      "best_alpha": 0.5,
      "best_lift": 0.044217,
      "control_p": 0.026792545160624057,
      "passes": true,
      "alpha_star": 0.5,
      "expected_lift": 0.044217,
      "note": "could_not_reach_target_used_best"
    },
    "seed9": {
      "best_alpha": 1.25,
      "best_lift": 0.075667,
      "control_p": 0.007011741950053691,
      "passes": true,
      "alpha_star": 1.1326334507403482,
      "expected_lift": 0.05986523727387751,
      "note": ""
    }
  }
}
passing teachers after extension: ['seed3', 'seed4', 'seed5', 'seed8', 'seed9']
=== extension sweep pass 1 (2 workers) Wed Jun 10 13:04:36 BST 2026 ===
[13:04:36] passing teachers: ['seed3', 'seed4', 'seed5', 'seed8', 'seed9']; students: ['seed1', 'seed2', 'seed3', 'seed4', 'seed5', 'seed6', 'seed7', 'seed8', 'seed9']; target lift 0.0619
[13:04:36] pairs seed3: already done, skipping
[13:04:36] pairs seed4: already done, skipping
[13:04:36] pairs seed5: already done, skipping
[13:04:36] pairs seed8: generating at alpha=0.500
[13:04:36] pairs seed9: generating at alpha=1.133
[13:11:19] pairs seed9: 2635 pairs in 6.7 min
[13:11:20] pairs seed8: 2614 pairs in 6.7 min
[13:11:20] 45 cells x 5 replicates = 225 runs; 36 base sample sets
[13:11:20] t3s1_rep1: already done, skipping
[13:11:20] t3s2_rep1: already done, skipping
[13:11:20] t3s3_rep1: already done, skipping
[13:11:20] t3s4_rep1: already done, skipping
[13:11:20] t3s5_rep1: already done, skipping
[13:11:20] t3s6_rep1: training (rng-seed 31306)
[13:11:20] t3s7_rep1: training (rng-seed 31307)
[13:18:09] t3s6_rep1: DONE in 6.8 min
[13:18:09] t3s8_rep1: training (rng-seed 31308)
[13:18:10] t3s7_rep1: DONE in 6.8 min
[13:18:10] t3s9_rep1: training (rng-seed 31309)
[13:24:55] t3s9_rep1: DONE in 6.8 min
[13:24:55] t4s1_rep1: already done, skipping
[13:24:55] t4s2_rep1: already done, skipping
[13:24:55] t4s3_rep1: already done, skipping
[13:24:55] t4s4_rep1: already done, skipping
[13:24:55] t4s5_rep1: already done, skipping
[13:24:55] t4s6_rep1: training (rng-seed 31406)
[13:24:57] t3s8_rep1: DONE in 6.8 min
[13:24:57] t4s7_rep1: training (rng-seed 31407)
[13:31:38] t4s7_rep1: DONE in 6.7 min
[13:31:38] t4s8_rep1: training (rng-seed 31408)
[13:31:42] t4s6_rep1: DONE in 6.8 min
[13:31:42] t4s9_rep1: training (rng-seed 31409)
[13:38:21] t4s9_rep1: DONE in 6.7 min
[13:38:21] t5s1_rep1: already done, skipping
[13:38:21] t5s2_rep1: already done, skipping
[13:38:21] t5s3_rep1: already done, skipping
[13:38:21] t5s4_rep1: already done, skipping
[13:38:21] t5s5_rep1: already done, skipping
[13:38:21] t5s6_rep1: training (rng-seed 31506)
[13:38:30] t4s8_rep1: DONE in 6.9 min
[13:38:30] t5s7_rep1: training (rng-seed 31507)
[13:45:00] t5s6_rep1: DONE in 6.6 min
[13:45:00] t5s8_rep1: training (rng-seed 31508)
[13:45:11] t5s7_rep1: DONE in 6.7 min
[13:45:11] t5s9_rep1: training (rng-seed 31509)
[13:51:37] t5s8_rep1: DONE in 6.6 min
[13:51:37] t8s1_rep1: training (rng-seed 31801)
[13:51:55] t5s9_rep1: DONE in 6.7 min
[13:51:55] t8s2_rep1: training (rng-seed 31802)
[13:58:17] t8s1_rep1: DONE in 6.7 min
[13:58:17] t8s3_rep1: training (rng-seed 31803)
[13:58:37] t8s2_rep1: DONE in 6.7 min
[13:58:37] t8s4_rep1: training (rng-seed 31804)
[14:04:59] t8s3_rep1: DONE in 6.7 min
[14:04:59] t8s5_rep1: training (rng-seed 31805)
[14:05:11] t8s4_rep1: DONE in 6.6 min
[14:05:11] t8s6_rep1: training (rng-seed 31806)
[14:11:40] t8s5_rep1: DONE in 6.7 min
[14:11:40] t8s7_rep1: training (rng-seed 31807)
[14:11:51] t8s6_rep1: DONE in 6.7 min
[14:11:51] t8s8_rep1: training (rng-seed 31808)
[14:18:23] t8s7_rep1: DONE in 6.7 min
[14:18:23] t8s9_rep1: training (rng-seed 31809)
[14:18:26] t8s8_rep1: DONE in 6.6 min
[14:18:26] t9s1_rep1: training (rng-seed 31901)
[14:25:12] t8s9_rep1: DONE in 6.8 min
[14:25:12] t9s2_rep1: training (rng-seed 31902)
[14:25:15] t9s1_rep1: DONE in 6.8 min
[14:25:15] t9s3_rep1: training (rng-seed 31903)
[14:31:58] t9s2_rep1: DONE in 6.8 min
[14:31:58] t9s4_rep1: training (rng-seed 31904)
[14:32:00] t9s3_rep1: DONE in 6.8 min
[14:32:00] t9s5_rep1: training (rng-seed 31905)
[14:38:48] t9s5_rep1: DONE in 6.8 min
[14:38:48] t9s6_rep1: training (rng-seed 31906)
[14:38:49] t9s4_rep1: DONE in 6.9 min
[14:38:49] t9s7_rep1: training (rng-seed 31907)
[14:45:36] t9s7_rep1: DONE in 6.8 min
[14:45:36] t9s8_rep1: training (rng-seed 31908)
[14:45:37] t9s6_rep1: DONE in 6.8 min
[14:45:37] t9s9_rep1: training (rng-seed 31909)
[14:52:21] t9s9_rep1: DONE in 6.7 min
[14:52:21] t3s1_rep2: already done, skipping
[14:52:21] t3s2_rep2: already done, skipping
[14:52:21] t3s3_rep2: already done, skipping
[14:52:21] t3s4_rep2: already done, skipping
[14:52:21] t3s5_rep2: already done, skipping
[14:52:21] t3s6_rep2: training (rng-seed 32306)
[14:52:25] t9s8_rep1: DONE in 6.8 min
[14:52:25] t3s7_rep2: training (rng-seed 32307)
[14:59:05] t3s6_rep2: DONE in 6.7 min
[14:59:05] t3s8_rep2: training (rng-seed 32308)
[14:59:11] t3s7_rep2: DONE in 6.8 min
[14:59:11] t3s9_rep2: training (rng-seed 32309)
[15:05:48] t3s9_rep2: DONE in 6.6 min
[15:05:48] t4s1_rep2: already done, skipping
[15:05:48] t4s2_rep2: already done, skipping
[15:05:48] t4s3_rep2: already done, skipping
[15:05:48] t4s4_rep2: already done, skipping
[15:05:48] t4s5_rep2: already done, skipping
[15:05:49] t4s6_rep2: training (rng-seed 32406)
[15:05:53] t3s8_rep2: DONE in 6.8 min
[15:05:53] t4s7_rep2: training (rng-seed 32407)
[15:12:39] t4s7_rep2: DONE in 6.8 min
[15:12:39] t4s8_rep2: training (rng-seed 32408)
[15:12:39] t4s6_rep2: DONE in 6.8 min
[15:12:39] t4s9_rep2: training (rng-seed 32409)
[15:19:20] t4s9_rep2: DONE in 6.7 min
[15:19:20] t5s1_rep2: already done, skipping
[15:19:20] t5s2_rep2: already done, skipping
[15:19:20] t5s3_rep2: already done, skipping
[15:19:20] t5s4_rep2: already done, skipping
[15:19:20] t5s5_rep2: already done, skipping
[15:19:20] t5s6_rep2: training (rng-seed 32506)
[15:19:29] t4s8_rep2: DONE in 6.8 min
[15:19:29] t5s7_rep2: training (rng-seed 32507)
[15:26:01] t5s6_rep2: DONE in 6.7 min
[15:26:01] t5s8_rep2: training (rng-seed 32508)
[15:26:12] t5s7_rep2: DONE in 6.7 min
[15:26:12] t5s9_rep2: training (rng-seed 32509)
[15:32:47] t5s8_rep2: DONE in 6.8 min
[15:32:47] t8s1_rep2: training (rng-seed 32801)
[15:32:54] t5s9_rep2: DONE in 6.7 min
[15:32:54] t8s2_rep2: training (rng-seed 32802)
[15:39:39] t8s2_rep2: DONE in 6.8 min
[15:39:39] t8s3_rep2: training (rng-seed 32803)
[15:39:42] t8s1_rep2: DONE in 6.9 min
[15:39:42] t8s4_rep2: training (rng-seed 32804)
[15:46:28] t8s3_rep2: DONE in 6.8 min
[15:46:28] t8s5_rep2: training (rng-seed 32805)
[15:46:31] t8s4_rep2: DONE in 6.8 min
[15:46:31] t8s6_rep2: training (rng-seed 32806)
[15:53:22] t8s6_rep2: DONE in 6.8 min
[15:53:22] t8s7_rep2: training (rng-seed 32807)
[15:53:23] t8s5_rep2: DONE in 6.9 min
[15:53:23] t8s8_rep2: training (rng-seed 32808)
[16:00:02] t8s8_rep2: DONE in 6.7 min
[16:00:02] t8s9_rep2: training (rng-seed 32809)
[16:00:13] t8s7_rep2: DONE in 6.9 min
[16:00:13] t9s1_rep2: training (rng-seed 32901)
[16:06:44] t8s9_rep2: DONE in 6.7 min
[16:06:44] t9s2_rep2: training (rng-seed 32902)
[16:06:52] t9s1_rep2: DONE in 6.7 min
[16:06:52] t9s3_rep2: training (rng-seed 32903)
[16:13:26] t9s2_rep2: DONE in 6.7 min
[16:13:26] t9s4_rep2: training (rng-seed 32904)
[16:13:37] t9s3_rep2: DONE in 6.8 min
[16:13:37] t9s5_rep2: training (rng-seed 32905)
[16:20:11] t9s4_rep2: DONE in 6.7 min
[16:20:11] t9s6_rep2: training (rng-seed 32906)
[16:20:21] t9s5_rep2: DONE in 6.7 min
[16:20:21] t9s7_rep2: training (rng-seed 32907)
[16:26:51] t9s6_rep2: DONE in 6.7 min
[16:26:51] t9s8_rep2: training (rng-seed 32908)
[16:27:03] t9s7_rep2: DONE in 6.7 min
[16:27:03] t9s9_rep2: training (rng-seed 32909)
[16:33:33] t9s9_rep2: DONE in 6.5 min
[16:33:33] t3s1_rep3: already done, skipping
[16:33:33] t3s2_rep3: already done, skipping
[16:33:33] t3s3_rep3: already done, skipping
[16:33:33] t3s4_rep3: already done, skipping
[16:33:33] t3s5_rep3: already done, skipping
[16:33:33] t3s6_rep3: training (rng-seed 33306)
[16:33:34] t9s8_rep2: DONE in 6.7 min
[16:33:34] t3s7_rep3: training (rng-seed 33307)
[16:40:20] t3s6_rep3: DONE in 6.8 min
[16:40:20] t3s8_rep3: training (rng-seed 33308)
[16:40:22] t3s7_rep3: DONE in 6.8 min
[16:40:22] t3s9_rep3: training (rng-seed 33309)
[16:47:08] t3s8_rep3: DONE in 6.8 min
[16:47:08] t4s1_rep3: already done, skipping
[16:47:08] t4s2_rep3: already done, skipping
[16:47:08] t4s3_rep3: already done, skipping
[16:47:08] t4s4_rep3: already done, skipping
[16:47:08] t4s5_rep3: already done, skipping
[16:47:08] t4s6_rep3: training (rng-seed 33406)
[16:47:11] t3s9_rep3: DONE in 6.8 min
[16:47:11] t4s7_rep3: training (rng-seed 33407)
[16:53:50] t4s7_rep3: DONE in 6.6 min
[16:53:50] t4s8_rep3: training (rng-seed 33408)
[16:53:57] t4s6_rep3: DONE in 6.8 min
[16:53:57] t4s9_rep3: training (rng-seed 33409)
[17:00:32] t4s8_rep3: DONE in 6.7 min
[17:00:32] t5s1_rep3: already done, skipping
[17:00:32] t5s2_rep3: already done, skipping
[17:00:32] t5s3_rep3: already done, skipping
[17:00:32] t5s4_rep3: already done, skipping
[17:00:32] t5s5_rep3: already done, skipping
[17:00:32] t5s6_rep3: training (rng-seed 33506)
[17:00:37] t4s9_rep3: DONE in 6.7 min
[17:00:37] t5s7_rep3: training (rng-seed 33507)
[17:07:23] t5s7_rep3: DONE in 6.8 min
[17:07:23] t5s8_rep3: training (rng-seed 33508)
[17:07:24] t5s6_rep3: DONE in 6.9 min
[17:07:24] t5s9_rep3: training (rng-seed 33509)
[17:14:05] t5s8_rep3: DONE in 6.7 min
[17:14:05] t8s1_rep3: training (rng-seed 33801)
[17:14:09] t5s9_rep3: DONE in 6.7 min
[17:14:09] t8s2_rep3: training (rng-seed 33802)
[17:20:54] t8s2_rep3: DONE in 6.7 min
[17:20:54] t8s3_rep3: training (rng-seed 33803)
[17:20:54] t8s1_rep3: DONE in 6.8 min
[17:20:54] t8s4_rep3: training (rng-seed 33804)
[17:27:42] t8s3_rep3: DONE in 6.8 min
[17:27:42] t8s5_rep3: training (rng-seed 33805)
[17:27:45] t8s4_rep3: DONE in 6.9 min
[17:27:45] t8s6_rep3: training (rng-seed 33806)
[17:34:29] t8s5_rep3: DONE in 6.8 min
[17:34:29] t8s7_rep3: training (rng-seed 33807)
[17:34:32] t8s6_rep3: DONE in 6.8 min
[17:34:32] t8s8_rep3: training (rng-seed 33808)
[17:41:10] t8s8_rep3: DONE in 6.6 min
[17:41:10] t8s9_rep3: training (rng-seed 33809)
[17:41:20] t8s7_rep3: DONE in 6.9 min
[17:41:20] t9s1_rep3: training (rng-seed 33901)
[17:47:52] t8s9_rep3: DONE in 6.7 min
[17:47:52] t9s2_rep3: training (rng-seed 33902)
[17:47:58] t9s1_rep3: DONE in 6.6 min
[17:47:58] t9s3_rep3: training (rng-seed 33903)
[17:54:44] t9s3_rep3: DONE in 6.8 min
[17:54:44] t9s4_rep3: training (rng-seed 33904)
[17:54:44] t9s2_rep3: DONE in 6.9 min
[17:54:44] t9s5_rep3: training (rng-seed 33905)
[18:01:30] t9s4_rep3: DONE in 6.8 min
[18:01:30] t9s6_rep3: training (rng-seed 33906)
[18:01:34] t9s5_rep3: DONE in 6.8 min
[18:01:34] t9s7_rep3: training (rng-seed 33907)
[18:08:19] t9s6_rep3: DONE in 6.8 min
[18:08:19] t9s8_rep3: training (rng-seed 33908)
[18:08:20] t9s7_rep3: DONE in 6.8 min
[18:08:20] t9s9_rep3: training (rng-seed 33909)
[18:14:59] t9s9_rep3: DONE in 6.7 min
[18:14:59] t3s1_rep4: already done, skipping
[18:14:59] t3s2_rep4: already done, skipping
[18:14:59] t3s3_rep4: already done, skipping
[18:14:59] t3s4_rep4: already done, skipping
[18:14:59] t3s5_rep4: already done, skipping
[18:14:59] t3s6_rep4: training (rng-seed 34306)
[18:15:08] t9s8_rep3: DONE in 6.8 min
[18:15:08] t3s7_rep4: training (rng-seed 34307)
[18:21:45] t3s6_rep4: DONE in 6.8 min
[18:21:45] t3s8_rep4: training (rng-seed 34308)
[18:21:48] t3s7_rep4: DONE in 6.7 min
[18:21:48] t3s9_rep4: training (rng-seed 34309)
[18:28:37] t3s8_rep4: DONE in 6.9 min
[18:28:37] t4s1_rep4: already done, skipping
[18:28:37] t4s2_rep4: already done, skipping
[18:28:37] t4s3_rep4: already done, skipping
[18:28:37] t4s4_rep4: already done, skipping
[18:28:37] t4s5_rep4: already done, skipping
[18:28:37] t4s6_rep4: training (rng-seed 34406)
[18:28:37] t3s9_rep4: DONE in 6.8 min
[18:28:37] t4s7_rep4: training (rng-seed 34407)
[18:35:24] t4s6_rep4: DONE in 6.8 min
[18:35:24] t4s8_rep4: training (rng-seed 34408)
[18:35:26] t4s7_rep4: DONE in 6.8 min
[18:35:26] t4s9_rep4: training (rng-seed 34409)
[18:42:10] t4s8_rep4: DONE in 6.8 min
[18:42:10] t5s1_rep4: already done, skipping
[18:42:10] t5s2_rep4: already done, skipping
[18:42:10] t5s3_rep4: already done, skipping
[18:42:10] t5s4_rep4: already done, skipping
[18:42:10] t5s5_rep4: already done, skipping
[18:42:10] t5s6_rep4: training (rng-seed 34506)
[18:42:10] t4s9_rep4: DONE in 6.7 min
[18:42:10] t5s7_rep4: training (rng-seed 34507)
[18:48:55] t5s7_rep4: DONE in 6.7 min
[18:48:55] t5s8_rep4: training (rng-seed 34508)
[18:48:58] t5s6_rep4: DONE in 6.8 min
[18:48:58] t5s9_rep4: training (rng-seed 34509)
[18:55:45] t5s8_rep4: DONE in 6.8 min
[18:55:45] t8s1_rep4: training (rng-seed 34801)
[18:55:47] t5s9_rep4: DONE in 6.8 min
[18:55:47] t8s2_rep4: training (rng-seed 34802)
[19:02:34] t8s2_rep4: DONE in 6.8 min
[19:02:34] t8s3_rep4: training (rng-seed 34803)
[19:02:35] t8s1_rep4: DONE in 6.8 min
[19:02:35] t8s4_rep4: training (rng-seed 34804)
[19:09:21] t8s4_rep4: DONE in 6.8 min
[19:09:21] t8s5_rep4: training (rng-seed 34805)
[19:09:23] t8s3_rep4: DONE in 6.8 min
[19:09:23] t8s6_rep4: training (rng-seed 34806)
[19:16:09] t8s6_rep4: DONE in 6.8 min
[19:16:09] t8s7_rep4: training (rng-seed 34807)
[19:16:11] t8s5_rep4: DONE in 6.8 min
[19:16:11] t8s8_rep4: training (rng-seed 34808)
[19:22:51] t8s8_rep4: DONE in 6.7 min
[19:22:51] t8s9_rep4: training (rng-seed 34809)
[19:22:59] t8s7_rep4: DONE in 6.8 min
[19:22:59] t9s1_rep4: training (rng-seed 34901)
[19:29:25] t8s9_rep4: DONE in 6.6 min
[19:29:25] t9s2_rep4: training (rng-seed 34902)
[19:29:45] t9s1_rep4: DONE in 6.8 min
[19:29:45] t9s3_rep4: training (rng-seed 34903)
[19:36:01] t9s2_rep4: DONE in 6.6 min
[19:36:01] t9s4_rep4: training (rng-seed 34904)
[19:36:24] t9s3_rep4: DONE in 6.7 min
[19:36:24] t9s5_rep4: training (rng-seed 34905)
[19:42:35] t9s4_rep4: DONE in 6.6 min
[19:42:35] t9s6_rep4: training (rng-seed 34906)
[19:43:02] t9s5_rep4: DONE in 6.6 min
[19:43:02] t9s7_rep4: training (rng-seed 34907)
[19:49:09] t9s6_rep4: DONE in 6.6 min
[19:49:09] t9s8_rep4: training (rng-seed 34908)
[19:49:36] t9s7_rep4: DONE in 6.6 min
[19:49:36] t9s9_rep4: training (rng-seed 34909)
[19:55:50] t9s8_rep4: DONE in 6.7 min
[19:55:50] t3s1_rep5: already done, skipping
[19:55:50] t3s2_rep5: already done, skipping
[19:55:50] t3s3_rep5: already done, skipping
[19:55:50] t3s4_rep5: already done, skipping
[19:55:50] t3s5_rep5: already done, skipping
[19:55:50] t3s6_rep5: training (rng-seed 35306)
[19:55:59] t9s9_rep4: DONE in 6.4 min
[19:55:59] t3s7_rep5: training (rng-seed 35307)
[20:02:25] t3s6_rep5: DONE in 6.6 min
[20:02:25] t3s8_rep5: training (rng-seed 35308)
[20:02:42] t3s7_rep5: DONE in 6.7 min
[20:02:42] t3s9_rep5: training (rng-seed 35309)
[20:09:08] t3s8_rep5: DONE in 6.7 min
[20:09:08] t4s1_rep5: already done, skipping
[20:09:08] t4s2_rep5: already done, skipping
[20:09:08] t4s3_rep5: already done, skipping
[20:09:08] t4s4_rep5: already done, skipping
[20:09:08] t4s5_rep5: already done, skipping
[20:09:08] t4s6_rep5: training (rng-seed 35406)
[20:09:18] t3s9_rep5: DONE in 6.6 min
[20:09:18] t4s7_rep5: training (rng-seed 35407)
[20:15:45] t4s6_rep5: DONE in 6.6 min
[20:15:45] t4s8_rep5: training (rng-seed 35408)
[20:15:55] t4s7_rep5: DONE in 6.6 min
[20:15:55] t4s9_rep5: training (rng-seed 35409)
[20:22:25] t4s8_rep5: DONE in 6.7 min
[20:22:25] t5s1_rep5: already done, skipping
[20:22:25] t5s2_rep5: already done, skipping
[20:22:25] t5s3_rep5: already done, skipping
[20:22:25] t5s4_rep5: already done, skipping
[20:22:25] t5s5_rep5: already done, skipping
[20:22:25] t5s6_rep5: training (rng-seed 35506)
[20:22:34] t4s9_rep5: DONE in 6.7 min
[20:22:34] t5s7_rep5: training (rng-seed 35507)
[20:29:15] t5s7_rep5: DONE in 6.7 min
[20:29:15] t5s8_rep5: training (rng-seed 35508)
[20:29:17] t5s6_rep5: DONE in 6.9 min
[20:29:17] t5s9_rep5: training (rng-seed 35509)
[20:36:03] t5s9_rep5: DONE in 6.8 min
[20:36:03] t8s1_rep5: training (rng-seed 35801)
[20:36:03] t5s8_rep5: DONE in 6.8 min
[20:36:03] t8s2_rep5: training (rng-seed 35802)
[20:42:51] t8s1_rep5: DONE in 6.8 min
[20:42:51] t8s3_rep5: training (rng-seed 35803)
[20:42:51] t8s2_rep5: DONE in 6.8 min
[20:42:51] t8s4_rep5: training (rng-seed 35804)
[20:49:41] t8s3_rep5: DONE in 6.8 min
[20:49:41] t8s5_rep5: training (rng-seed 35805)
[20:49:42] t8s4_rep5: DONE in 6.8 min
[20:49:42] t8s6_rep5: training (rng-seed 35806)
[20:56:34] t8s6_rep5: DONE in 6.9 min
[20:56:34] t8s7_rep5: training (rng-seed 35807)
[20:56:34] t8s5_rep5: DONE in 6.9 min
[20:56:34] t8s8_rep5: training (rng-seed 35808)
[21:03:28] t8s8_rep5: DONE in 6.9 min
[21:03:28] t8s9_rep5: training (rng-seed 35809)
[21:03:37] t8s7_rep5: DONE in 7.0 min
[21:03:37] t9s1_rep5: training (rng-seed 35901)
[21:10:14] t8s9_rep5: DONE in 6.8 min
[21:10:14] t9s2_rep5: training (rng-seed 35902)
[21:10:25] t9s1_rep5: DONE in 6.8 min
[21:10:25] t9s3_rep5: training (rng-seed 35903)
[21:16:55] t9s2_rep5: DONE in 6.7 min
[21:16:55] t9s4_rep5: training (rng-seed 35904)
[21:17:15] t9s3_rep5: DONE in 6.8 min
[21:17:15] t9s5_rep5: training (rng-seed 35905)
[21:23:33] t9s4_rep5: DONE in 6.6 min
[21:23:33] t9s6_rep5: training (rng-seed 35906)
[21:23:59] t9s5_rep5: DONE in 6.7 min
[21:23:59] t9s7_rep5: training (rng-seed 35907)
[21:30:15] t9s6_rep5: DONE in 6.7 min
[21:30:15] t9s8_rep5: training (rng-seed 35908)
[21:30:36] t9s7_rep5: DONE in 6.6 min
[21:30:36] t9s9_rep5: training (rng-seed 35909)
[21:36:50] t9s8_rep5: DONE in 6.6 min
[21:36:50] base_s1_rep1: already done, skipping
[21:36:50] base_s1_rep2: already done, skipping
[21:36:50] base_s1_rep3: already done, skipping
[21:36:50] base_s1_rep4: already done, skipping
[21:36:50] base_s2_rep1: already done, skipping
[21:36:50] base_s2_rep2: already done, skipping
[21:36:50] base_s2_rep3: already done, skipping
[21:36:50] base_s2_rep4: already done, skipping
[21:36:50] base_s3_rep1: already done, skipping
[21:36:50] base_s3_rep2: already done, skipping
[21:36:50] base_s3_rep3: already done, skipping
[21:36:50] base_s3_rep4: already done, skipping
[21:36:50] base_s4_rep1: already done, skipping
[21:36:50] base_s4_rep2: already done, skipping
[21:36:50] base_s4_rep3: already done, skipping
[21:36:50] base_s4_rep4: already done, skipping
[21:36:50] base_s5_rep1: already done, skipping
[21:36:50] base_s5_rep2: already done, skipping
[21:36:50] base_s5_rep3: already done, skipping
[21:36:50] base_s5_rep4: already done, skipping
[21:36:50] base_s6_rep1: generating base samples
[21:37:05] base_s6_rep2: generating base samples
[21:37:07] t9s9_rep5: DONE in 6.5 min
[21:37:07] base_s6_rep3: generating base samples
[21:37:19] base_s6_rep4: generating base samples
[21:37:22] base_s7_rep1: generating base samples
[21:37:36] base_s7_rep2: generating base samples
[21:37:37] base_s7_rep3: generating base samples
[21:37:51] base_s7_rep4: generating base samples
[21:37:52] base_s8_rep1: generating base samples
[21:38:07] base_s8_rep2: generating base samples
[21:38:07] base_s8_rep3: generating base samples
[21:38:22] base_s8_rep4: generating base samples
[21:38:23] base_s9_rep1: generating base samples
[21:38:37] base_s9_rep2: generating base samples
[21:38:38] base_s9_rep3: generating base samples
[21:38:53] base_s9_rep4: generating base samples
[21:39:06] complete; 0 failures -> /home/ubuntu/code/pythia-subliminal/reports/cross_seed_ent_dosematched/sweep_summary.json
=== pooled scoring + statistics Wed Jun 10 21:39:07 BST 2026 ===
/home/ubuntu/code/pythia-subliminal/reports/cross_seed_ent_dosematched/stats/cross_seed_stats_report.md
=== extension done Wed Jun 10 21:39:40 BST 2026 ===
