=== numeric sweep pass 1 (2 workers) Tue Jun  9 23:12:24 BST 2026 ===
[23:12:24] numeric_business_rep1: training (rng-seed 10100)
[23:12:24] numeric_politics_rep1: training (rng-seed 10101)
[23:14:07] numeric_business_rep1: trained in 1.7 min, running activation evals
[23:14:10] numeric_politics_rep1: trained in 1.8 min, running activation evals
[23:14:26] numeric_business_rep1: generating samples
[23:14:28] numeric_politics_rep1: generating samples
[23:14:38] numeric_politics_rep1: DONE in 2.2 min
[23:14:38] numeric_entertainment_rep1: training (rng-seed 10102)
[23:14:40] numeric_business_rep1: DONE in 2.3 min
[23:14:40] numeric_business_rep2: training (rng-seed 10200)
[23:16:23] numeric_business_rep2: trained in 1.7 min, running activation evals
[23:16:23] numeric_entertainment_rep1: trained in 1.8 min, running activation evals
[23:16:44] numeric_business_rep2: generating samples
[23:16:44] numeric_entertainment_rep1: generating samples
[23:16:55] numeric_business_rep2: DONE in 2.2 min
[23:16:55] numeric_politics_rep2: training (rng-seed 10201)
[23:16:57] numeric_entertainment_rep1: DONE in 2.3 min
[23:16:57] numeric_entertainment_rep2: training (rng-seed 10202)
[23:18:39] numeric_politics_rep2: trained in 1.7 min, running activation evals
[23:18:40] numeric_entertainment_rep2: trained in 1.7 min, running activation evals
[23:18:59] numeric_politics_rep2: generating samples
[23:18:59] numeric_entertainment_rep2: generating samples
[23:19:10] numeric_politics_rep2: DONE in 2.2 min
[23:19:10] numeric_business_rep3: training (rng-seed 10300)
[23:19:12] numeric_entertainment_rep2: DONE in 2.2 min
[23:19:12] numeric_politics_rep3: training (rng-seed 10301)
[23:20:53] numeric_business_rep3: trained in 1.7 min, running activation evals
[23:20:55] numeric_politics_rep3: trained in 1.7 min, running activation evals
[23:21:13] numeric_business_rep3: generating samples
[23:21:14] numeric_politics_rep3: generating samples
[23:21:25] numeric_business_rep3: DONE in 2.2 min
[23:21:25] numeric_entertainment_rep3: training (rng-seed 10302)
[23:21:28] numeric_politics_rep3: DONE in 2.3 min
[23:21:28] numeric_business_rep4: training (rng-seed 10400)
[23:23:11] numeric_entertainment_rep3: trained in 1.8 min, running activation evals
[23:23:12] numeric_business_rep4: trained in 1.7 min, running activation evals
[23:23:30] numeric_business_rep4: generating samples
[23:23:30] numeric_entertainment_rep3: generating samples
[23:23:42] numeric_business_rep4: DONE in 2.2 min
[23:23:42] numeric_politics_rep4: training (rng-seed 10401)
[23:23:44] numeric_entertainment_rep3: DONE in 2.3 min
[23:23:44] numeric_entertainment_rep4: training (rng-seed 10402)
[23:25:27] numeric_entertainment_rep4: trained in 1.7 min, running activation evals
[23:25:27] numeric_politics_rep4: trained in 1.8 min, running activation evals
[23:25:46] numeric_entertainment_rep4: generating samples
[23:25:47] numeric_politics_rep4: generating samples
[23:25:57] numeric_entertainment_rep4: DONE in 2.2 min
[23:25:57] numeric_business_rep5: training (rng-seed 10500)
[23:26:00] numeric_politics_rep4: DONE in 2.3 min
[23:26:00] numeric_politics_rep5: training (rng-seed 10501)
[23:27:40] numeric_business_rep5: trained in 1.7 min, running activation evals
[23:27:43] numeric_politics_rep5: trained in 1.7 min, running activation evals
[23:27:58] numeric_business_rep5: generating samples
[23:28:02] numeric_politics_rep5: generating samples
[23:28:13] numeric_business_rep5: DONE in 2.3 min
[23:28:13] numeric_entertainment_rep5: training (rng-seed 10502)
[23:28:14] numeric_politics_rep5: DONE in 2.2 min
[23:28:14] base_rep1: generating base samples
[23:28:27] base_rep2: generating base samples
[23:28:42] base_rep3: generating base samples
[23:29:34] numeric_entertainment_rep5: trained in 1.3 min, running activation evals
[23:29:51] numeric_entertainment_rep5: generating samples
[23:30:02] numeric_entertainment_rep5: DONE in 1.8 min
[23:30:02] sweep complete; 0 failures -> /home/ubuntu/code/pythia-subliminal/reports/bbc_topic_3x3_numeric_replicates_local/sweep_summary.json
=== NLI scoring Tue Jun  9 23:30:02 BST 2026 ===
1080 samples from 18 files
reports/bbc_topic_3x3_numeric_replicates_local/behavior_nli_scored_samples.csv
=== statistical analysis Tue Jun  9 23:30:13 BST 2026 ===
/home/ubuntu/code/pythia-subliminal/.venv/lib/python3.12/site-packages/statsmodels/regression/mixed_linear_model.py:1634: UserWarning: Random effects covariance is singular
  warnings.warn(msg)
/home/ubuntu/code/pythia-subliminal/.venv/lib/python3.12/site-packages/statsmodels/regression/mixed_linear_model.py:2054: UserWarning: The random effects covariance matrix is singular.
  warnings.warn(_warn_cov_sing)
/home/ubuntu/code/pythia-subliminal/.venv/lib/python3.12/site-packages/statsmodels/regression/mixed_linear_model.py:2237: ConvergenceWarning: The MLE may be on the boundary of the parameter space.
  warnings.warn(msg, ConvergenceWarning)
/home/ubuntu/code/pythia-subliminal/.venv/lib/python3.12/site-packages/statsmodels/regression/mixed_linear_model.py:2245: UserWarning: The random effects covariance matrix is singular.
  warnings.warn(_warn_cov_sing)
/home/ubuntu/code/pythia-subliminal/.venv/lib/python3.12/site-packages/statsmodels/regression/mixed_linear_model.py:2261: ConvergenceWarning: The Hessian matrix at the estimated parameter values is not positive definite.
  warnings.warn(msg, ConvergenceWarning)
reports/bbc_topic_3x3_numeric_replicates_local/stats/replication_stats_report.md
=== done Tue Jun  9 23:30:15 BST 2026 ===
